// Jest Snapshot v1, https://goo.gl/fbAQLP

exports[`Navigation should matche DOM Snapshot 1`] = `<div />`;
